../Core/Src/main.c:175:16:Stepper_MovimentoConsentito	4	static
../Core/Src/main.c:183:16:Controllo_Attendi	24	static
../Core/Src/main.c:196:6:Controllo_ButtonTick	24	static,ignoring_inline_asm
../Core/Src/main.c:211:6:Leggi_theta	96	static
../Core/Src/main.c:245:9:FinecorsaSinistro_Premuto	8	static
../Core/Src/main.c:251:9:FinecorsaDestro_Premuto	8	static
../Core/Src/main.c:256:16:FinecorsaDirezione_Premuto	16	static
../Core/Src/main.c:262:6:Stepper_SetDirection	16	static
../Core/Src/main.c:268:6:Stepper_Stop	8	static
../Core/Src/main.c:277:13:Controllo_Disabilita	8	static
../Core/Src/main.c:288:13:Controllo_AccettaAvvio	24	static,ignoring_inline_asm
../Core/Src/main.c:317:13:Stepper_StartIfEnabled	24	static,ignoring_inline_asm
../Core/Src/main.c:332:14:Stepper_ClampFrequency	16	static
../Core/Src/main.c:344:13:Stepper_ApplyFrequency	40	static,ignoring_inline_asm
../Core/Src/main.c:366:13:Stepper_PrepareRamp	16	static
../Core/Src/main.c:388:13:Stepper_UpdateRamp	16	static
../Core/Src/main.c:407:6:Stepper_MoveSteps	16	static
../Core/Src/main.c:428:6:Stepper_Move	16	static
../Core/Src/main.c:450:6:Stepper_set_velocity	16	static
../Core/Src/main.c:479:6:Inizializza	16	static
../Core/Src/main.c:581:13:Controllo_Fault	32	static,ignoring_inline_asm
../Core/Src/main.c:591:16:Rete_Init	16	static
../Core/Src/main.c:612:6:Controllo_MotorTick	48	static,ignoring_inline_asm
../Core/Src/main.c:686:13:Rete_Process	80	static,ignoring_inline_asm
../Core/Src/main.c:774:5:main	8	static
../Core/Src/main.c:860:6:SystemClock_Config	88	static
../Core/Src/main.c:915:13:MX_CRC_Init	8	static
../Core/Src/main.c:941:13:MX_TIM2_Init	56	static
../Core/Src/main.c:990:13:MX_TIM3_Init	64	static
../Core/Src/main.c:1049:13:MX_USART2_UART_Init	8	static
../Core/Src/main.c:1082:13:MX_GPIO_Init	48	static
../Core/Src/main.c:1137:6:HAL_GPIO_EXTI_Callback	16	static
../Core/Src/main.c:1158:6:HAL_TIM_PWM_PulseFinishedCallback	16	static
../Core/Src/main.c:1205:6:Error_Handler	8	static,ignoring_inline_asm
