../Core/Src/main.c:179:16:Stepper_MovimentoConsentito	4	static
../Core/Src/main.c:187:16:Controllo_Attendi	24	static
../Core/Src/main.c:200:6:Controllo_ButtonTick	24	static,ignoring_inline_asm
../Core/Src/main.c:215:6:Leggi_theta	96	static
../Core/Src/main.c:249:9:FinecorsaSinistro_Premuto	8	static
../Core/Src/main.c:255:9:FinecorsaDestro_Premuto	8	static
../Core/Src/main.c:260:16:FinecorsaDirezione_Premuto	16	static
../Core/Src/main.c:266:6:Stepper_SetDirection	16	static
../Core/Src/main.c:272:6:Stepper_Stop	8	static
../Core/Src/main.c:285:26:Inizializza_Theta	32	static
../Core/Src/main.c:320:13:Controllo_Disabilita	8	static
../Core/Src/main.c:331:13:Controllo_AccettaAvvio	24	static,ignoring_inline_asm
../Core/Src/main.c:361:13:Stepper_StartIfEnabled	24	static,ignoring_inline_asm
../Core/Src/main.c:376:14:Stepper_ClampFrequency	16	static
../Core/Src/main.c:388:13:Stepper_ApplyFrequency	40	static,ignoring_inline_asm
../Core/Src/main.c:410:13:Stepper_PrepareRamp	16	static
../Core/Src/main.c:432:13:Stepper_UpdateRamp	16	static
../Core/Src/main.c:451:6:Stepper_MoveSteps	16	static
../Core/Src/main.c:472:6:Stepper_Move	16	static
../Core/Src/main.c:494:6:Stepper_set_velocity	16	static
../Core/Src/main.c:523:6:Inizializza	16	static
../Core/Src/main.c:625:13:Controllo_Fault	32	static,ignoring_inline_asm
../Core/Src/main.c:635:16:Rete_Init	16	static
../Core/Src/main.c:656:6:Controllo_MotorTick	48	static,ignoring_inline_asm
../Core/Src/main.c:730:13:Rete_Process	80	static,ignoring_inline_asm
../Core/Src/main.c:818:5:main	8	static
../Core/Src/main.c:912:6:SystemClock_Config	88	static
../Core/Src/main.c:967:13:MX_CRC_Init	8	static
../Core/Src/main.c:993:13:MX_TIM2_Init	56	static
../Core/Src/main.c:1042:13:MX_TIM3_Init	64	static
../Core/Src/main.c:1101:13:MX_USART2_UART_Init	8	static
../Core/Src/main.c:1134:13:MX_GPIO_Init	48	static
../Core/Src/main.c:1189:6:HAL_GPIO_EXTI_Callback	16	static
../Core/Src/main.c:1210:6:HAL_TIM_PWM_PulseFinishedCallback	16	static
../Core/Src/main.c:1257:6:Error_Handler	8	static,ignoring_inline_asm
