../Core/Src/main.c:117:6:Leggi_theta	96	static
../Core/Src/main.c:151:9:FinecorsaSinistro_Premuto	8	static
../Core/Src/main.c:157:9:FinecorsaDestro_Premuto	8	static
../Core/Src/main.c:162:16:FinecorsaDirezione_Premuto	16	static
../Core/Src/main.c:168:6:Stepper_SetDirection	16	static
../Core/Src/main.c:174:6:Stepper_Stop	8	static
../Core/Src/main.c:181:14:Stepper_ClampFrequency	16	static
../Core/Src/main.c:193:13:Stepper_ApplyFrequency	24	static
../Core/Src/main.c:211:13:Stepper_PrepareRamp	16	static
../Core/Src/main.c:233:13:Stepper_UpdateRamp	16	static
../Core/Src/main.c:252:6:Stepper_MoveSteps	16	static
../Core/Src/main.c:273:6:Stepper_Move	16	static
../Core/Src/main.c:294:6:Stepper_set_velocity	16	static
../Core/Src/main.c:324:6:Inizializza	16	static
../Core/Src/main.c:432:5:main	8	static
../Core/Src/main.c:513:6:SystemClock_Config	88	static
../Core/Src/main.c:561:13:MX_TIM2_Init	56	static
../Core/Src/main.c:610:13:MX_TIM3_Init	64	static
../Core/Src/main.c:669:13:MX_USART2_UART_Init	8	static
../Core/Src/main.c:702:13:MX_GPIO_Init	48	static
../Core/Src/main.c:751:6:HAL_TIM_PWM_PulseFinishedCallback	16	static
../Core/Src/main.c:783:6:Error_Handler	4	static,ignoring_inline_asm
