11:47:44 **** Incremental Build of configuration Debug for project Lettura_Encoder ****
make -j7 all 
arm-none-eabi-gcc "../Core/Src/main.c" -mcpu=cortex-m4 -std=gnu11 -g3 -DDEBUG -DUSE_HAL_DRIVER -DSTM32F446xx -c -I../Core/Inc -I../Drivers/STM32F4xx_HAL_Driver/Inc -I../Drivers/STM32F4xx_HAL_Driver/Inc/Legacy -I../Drivers/CMSIS/Device/ST/STM32F4xx/Include -I../Drivers/CMSIS/Include -O0 -ffunction-sections -fdata-sections -Wall -fstack-usage -fcyclomatic-complexity -MMD -MP -MF"Core/Src/main.d" -MT"Core/Src/main.o" --specs=nano.specs -mfpu=fpv4-sp-d16 -mfloat-abi=hard -mthumb -o "Core/Src/main.o"
arm-none-eabi-gcc -o "Lettura_Encoder.elf" @"objects.list"   -mcpu=cortex-m4 -T"/Users/salvo/Desktop/Prog Embedded/cart-inverted-pendulum/Lettura_Encoder/STM32F446RETX_FLASH.ld" --specs=nosys.specs -Wl,-Map="Lettura_Encoder.map" -Wl,--gc-sections -static --specs=nano.specs -mfpu=fpv4-sp-d16 -mfloat-abi=hard -mthumb -Wl,--start-group -lc -lm -Wl,--end-group
Finished building target: Lettura_Encoder.elf
 
arm-none-eabi-size  Lettura_Encoder.elf 
arm-none-eabi-objdump -h -S Lettura_Encoder.elf  > "Lettura_Encoder.list"
   text	   data	    bss	    dec	    hex	filename
  16808	     24	   1840	  18672	   48f0	Lettura_Encoder.elf
Finished building: default.size.stdout
 
Finished building: Lettura_Encoder.list
 
12:13:46 **** Incremental Build of configuration Debug for project Lettura_Encoder ****
make -j7 all 
arm-none-eabi-size  Lettura_Encoder.elf 
   text	   data	    bss	    dec	    hex	filename
  16808	     24	   1840	  18672	   48f0	Lettura_Encoder.elf
Finished building: default.size.stdout
 
12:15:45 **** Incremental Build of configuration Debug for project Lettura_Encoder ****
make -j7 all 
arm-none-eabi-gcc "../Core/Src/main.c" -mcpu=cortex-m4 -std=gnu11 -g3 -DDEBUG -DUSE_HAL_DRIVER -DSTM32F446xx -c -I../Core/Inc -I../Drivers/STM32F4xx_HAL_Driver/Inc -I../Drivers/STM32F4xx_HAL_Driver/Inc/Legacy -I../Drivers/CMSIS/Device/ST/STM32F4xx/Include -I../Drivers/CMSIS/Include -O0 -ffunction-sections -fdata-sections -Wall -fstack-usage -fcyclomatic-complexity -MMD -MP -MF"Core/Src/main.d" -MT"Core/Src/main.o" --specs=nano.specs -mfpu=fpv4-sp-d16 -mfloat-abi=hard -mthumb -o "Core/Src/main.o"
arm-none-eabi-gcc -o "Lettura_Encoder.elf" @"objects.list"   -mcpu=cortex-m4 -T"/Users/salvo/Desktop/Prog Embedded/cart-inverted-pendulum/Lettura_Encoder/STM32F446RETX_FLASH.ld" --specs=nosys.specs -Wl,-Map="Lettura_Encoder.map" -Wl,--gc-sections -static --specs=nano.specs -mfpu=fpv4-sp-d16 -mfloat-abi=hard -mthumb -Wl,--start-group -lc -lm -Wl,--end-group
Finished building target: Lettura_Encoder.elf
 
arm-none-eabi-size  Lettura_Encoder.elf 
arm-none-eabi-objdump -h -S Lettura_Encoder.elf  > "Lettura_Encoder.list"
   text	   data	    bss	    dec	    hex	filename
  16808	     24	   1840	  18672	   48f0	Lettura_Encoder.elf
Finished building: default.size.stdout
 
Finished building: Lettura_Encoder.list
 
12:19:35 **** Incremental Build of configuration Debug for project Lettura_Encoder ****
make -j7 all 
arm-none-eabi-gcc "../Core/Src/main.c" -mcpu=cortex-m4 -std=gnu11 -g3 -DDEBUG -DUSE_HAL_DRIVER -DSTM32F446xx -c -I../Core/Inc -I../Drivers/STM32F4xx_HAL_Driver/Inc -I../Drivers/STM32F4xx_HAL_Driver/Inc/Legacy -I../Drivers/CMSIS/Device/ST/STM32F4xx/Include -I../Drivers/CMSIS/Include -O0 -ffunction-sections -fdata-sections -Wall -fstack-usage -fcyclomatic-complexity -MMD -MP -MF"Core/Src/main.d" -MT"Core/Src/main.o" --specs=nano.specs -mfpu=fpv4-sp-d16 -mfloat-abi=hard -mthumb -o "Core/Src/main.o"
arm-none-eabi-gcc -o "Lettura_Encoder.elf" @"objects.list"   -mcpu=cortex-m4 -T"/Users/salvo/Desktop/Prog Embedded/cart-inverted-pendulum/Lettura_Encoder/STM32F446RETX_FLASH.ld" --specs=nosys.specs -Wl,-Map="Lettura_Encoder.map" -Wl,--gc-sections -static --specs=nano.specs -mfpu=fpv4-sp-d16 -mfloat-abi=hard -mthumb -Wl,--start-group -lc -lm -Wl,--end-group
Finished building target: Lettura_Encoder.elf
 
arm-none-eabi-size  Lettura_Encoder.elf 
arm-none-eabi-objdump -h -S Lettura_Encoder.elf  > "Lettura_Encoder.list"
   text	   data	    bss	    dec	    hex	filename
  17004	     24	   1840	  18868	   49b4	Lettura_Encoder.elf
Finished building: default.size.stdout
 
Finished building: Lettura_Encoder.list
 
12:21:19 **** Incremental Build of configuration Debug for project Lettura_Encoder ****
make -j7 all 
arm-none-eabi-gcc "../Core/Src/main.c" -mcpu=cortex-m4 -std=gnu11 -g3 -DDEBUG -DUSE_HAL_DRIVER -DSTM32F446xx -c -I../Core/Inc -I../Drivers/STM32F4xx_HAL_Driver/Inc -I../Drivers/STM32F4xx_HAL_Driver/Inc/Legacy -I../Drivers/CMSIS/Device/ST/STM32F4xx/Include -I../Drivers/CMSIS/Include -O0 -ffunction-sections -fdata-sections -Wall -fstack-usage -fcyclomatic-complexity -MMD -MP -MF"Core/Src/main.d" -MT"Core/Src/main.o" --specs=nano.specs -mfpu=fpv4-sp-d16 -mfloat-abi=hard -mthumb -o "Core/Src/main.o"
arm-none-eabi-gcc -o "Lettura_Encoder.elf" @"objects.list"   -mcpu=cortex-m4 -T"/Users/salvo/Desktop/Prog Embedded/cart-inverted-pendulum/Lettura_Encoder/STM32F446RETX_FLASH.ld" --specs=nosys.specs -Wl,-Map="Lettura_Encoder.map" -Wl,--gc-sections -static --specs=nano.specs -mfpu=fpv4-sp-d16 -mfloat-abi=hard -mthumb -Wl,--start-group -lc -lm -Wl,--end-group
Finished building target: Lettura_Encoder.elf
 
arm-none-eabi-size  Lettura_Encoder.elf 
arm-none-eabi-objdump -h -S Lettura_Encoder.elf  > "Lettura_Encoder.list"
   text	   data	    bss	    dec	    hex	filename
  17012	     24	   1840	  18876	   49bc	Lettura_Encoder.elf
Finished building: default.size.stdout
 
Finished building: Lettura_Encoder.list
 
12:24:24 **** Incremental Build of configuration Debug for project Lettura_Encoder ****
make -j7 all 
arm-none-eabi-gcc "../Core/Src/main.c" -mcpu=cortex-m4 -std=gnu11 -g3 -DDEBUG -DUSE_HAL_DRIVER -DSTM32F446xx -c -I../Core/Inc -I../Drivers/STM32F4xx_HAL_Driver/Inc -I../Drivers/STM32F4xx_HAL_Driver/Inc/Legacy -I../Drivers/CMSIS/Device/ST/STM32F4xx/Include -I../Drivers/CMSIS/Include -O0 -ffunction-sections -fdata-sections -Wall -fstack-usage -fcyclomatic-complexity -MMD -MP -MF"Core/Src/main.d" -MT"Core/Src/main.o" --specs=nano.specs -mfpu=fpv4-sp-d16 -mfloat-abi=hard -mthumb -o "Core/Src/main.o"
arm-none-eabi-gcc -o "Lettura_Encoder.elf" @"objects.list"   -mcpu=cortex-m4 -T"/Users/salvo/Desktop/Prog Embedded/cart-inverted-pendulum/Lettura_Encoder/STM32F446RETX_FLASH.ld" --specs=nosys.specs -Wl,-Map="Lettura_Encoder.map" -Wl,--gc-sections -static --specs=nano.specs -mfpu=fpv4-sp-d16 -mfloat-abi=hard -mthumb -Wl,--start-group -lc -lm -Wl,--end-group
Finished building target: Lettura_Encoder.elf
 
arm-none-eabi-size  Lettura_Encoder.elf 
arm-none-eabi-objdump -h -S Lettura_Encoder.elf  > "Lettura_Encoder.list"
   text	   data	    bss	    dec	    hex	filename
  17012	     24	   1840	  18876	   49bc	Lettura_Encoder.elf
Finished building: default.size.stdout
 
Finished building: Lettura_Encoder.list
 
12:27:32 **** Incremental Build of configuration Debug for project Lettura_Encoder ****
make -j7 all 
arm-none-eabi-size  Lettura_Encoder.elf 
   text	   data	    bss	    dec	    hex	filename
  17012	     24	   1840	  18876	   49bc	Lettura_Encoder.elf
Finished building: default.size.stdout
 
15:23:12 **** Incremental Build of configuration Debug for project Lettura_Encoder ****
make -j7 all 
arm-none-eabi-gcc "../Core/Src/main.c" -mcpu=cortex-m4 -std=gnu11 -g3 -DDEBUG -DUSE_HAL_DRIVER -DSTM32F446xx -c -I../Core/Inc -I../Drivers/STM32F4xx_HAL_Driver/Inc -I../Drivers/STM32F4xx_HAL_Driver/Inc/Legacy -I../Drivers/CMSIS/Device/ST/STM32F4xx/Include -I../Drivers/CMSIS/Include -O0 -ffunction-sections -fdata-sections -Wall -fstack-usage -fcyclomatic-complexity -MMD -MP -MF"Core/Src/main.d" -MT"Core/Src/main.o" --specs=nano.specs -mfpu=fpv4-sp-d16 -mfloat-abi=hard -mthumb -o "Core/Src/main.o"
arm-none-eabi-gcc -o "Lettura_Encoder.elf" @"objects.list"   -mcpu=cortex-m4 -T"/Users/salvo/Desktop/Prog Embedded/cart-inverted-pendulum/Lettura_Encoder/STM32F446RETX_FLASH.ld" --specs=nosys.specs -Wl,-Map="Lettura_Encoder.map" -Wl,--gc-sections -static --specs=nano.specs -mfpu=fpv4-sp-d16 -mfloat-abi=hard -mthumb -Wl,--start-group -lc -lm -Wl,--end-group
Finished building target: Lettura_Encoder.elf
 
arm-none-eabi-size  Lettura_Encoder.elf 
arm-none-eabi-objdump -h -S Lettura_Encoder.elf  > "Lettura_Encoder.list"
   text	   data	    bss	    dec	    hex	filename
  17984	     24	   1848	  19856	   4d90	Lettura_Encoder.elf
Finished building: default.size.stdout
 
Finished building: Lettura_Encoder.list
 
15:25:02 **** Incremental Build of configuration Debug for project Lettura_Encoder ****
make -j7 all 
arm-none-eabi-size  Lettura_Encoder.elf 
   text	   data	    bss	    dec	    hex	filename
  17984	     24	   1848	  19856	   4d90	Lettura_Encoder.elf
Finished building: default.size.stdout
 
15:27:05 **** Incremental Build of configuration Debug for project Lettura_Encoder ****
make -j7 all 
arm-none-eabi-size  Lettura_Encoder.elf 
   text	   data	    bss	    dec	    hex	filename
  17984	     24	   1848	  19856	   4d90	Lettura_Encoder.elf
Finished building: default.size.stdout
 
